// Jest Snapshot v1, https://goo.gl/fbAQLP

exports[`Button primary 1`] = `
.c0 {
  background-color: #ffed4a;
  font-size: 1.125rem;
  color: #3d4852;
  font-weight: 500;
  border-radius: .25rem;
  padding-top: 0.5rem;
  padding-bottom: 0.5rem;
  padding-left: 1rem;
  padding-right: 1rem;
  -webkit-transition: background-color 0.15s ease;
  transition: background-color 0.15s ease;
}

.c0:hover {
  background-color: #f2d024;
}

<button
  className="c0"
>
  Test
</button>
`;
